// Jest Snapshot v1, https://goo.gl/fbAQLP

exports[`Contact List Component matches the snapshot 1`] = `
<div
  className="row"
>
  <div
    className="col-md-9"
  >
    <h4
      className="mt-4"
    >
      Add, Edit or Delete a Contact
    </h4>
    <ul
      className="mt-4"
    >
      <li>
        To edit a contact's details, select the contact's name
      </li>
      <li>
        <a
          className="text-black"
          href="/"
        >
          Edit your Interac e-Transfer alert preferences
        </a>
      </li>
      <li>
        <a
          href="/add/"
          onClick={[Function]}
        >
          <button
            className="text-black btn btn-link"
            disabled={false}
            type="button"
          >
            Add New Contact
          </button>
        </a>
      </li>
      <li>
        Note: Contacts names can not be identical. Please verify and edit (if necessary)
      </li>
    </ul>
  </div>
  <div
    className="col-md-3"
  >
    <div
      className="p-3 bg-white mt-2 card"
    >
      <div
        className="card-title h5"
      >
        You can also:
      </div>
      <div
        className="card-body"
      >
        <a
          className="text-decoration-none text-black"
          href="/"
          style={
            Object {
              "display": "block",
              "fontSize": 12,
              "marginBottom": 5,
              "marginTop": 5,
            }
          }
        >
          Register for Interac e-Transfer Autodeposit
          <span
            style={
              Object {
                "color": "rgb(220, 53, 69)",
                "marginLeft": 5,
              }
            }
          >
            &gt;
          </span>
        </a>
        <a
          className="text-decoration-none text-black"
          href="/"
          style={
            Object {
              "display": "block",
              "fontSize": 12,
              "marginBottom": 5,
              "marginTop": 5,
            }
          }
        >
          Make an additional loan payment
          <span
            style={
              Object {
                "color": "rgb(220, 53, 69)",
                "marginLeft": 5,
              }
            }
          >
            &gt;
          </span>
        </a>
        <a
          className="text-decoration-none text-black"
          href="/"
          style={
            Object {
              "display": "block",
              "fontSize": 12,
              "marginBottom": 5,
              "marginTop": 5,
            }
          }
        >
          Order cheques
          <span
            style={
              Object {
                "color": "rgb(220, 53, 69)",
                "marginLeft": 5,
              }
            }
          >
            &gt;
          </span>
        </a>
      </div>
    </div>
  </div>
  <div
    className="col-md-12"
  >
    <table
      className="mt-4 table"
    >
      <thead>
        <tr
          className="bg-light"
          style={
            Object {
              "borderTop": "1px solid #c5c5c5",
            }
          }
        >
          <th>
            Contact Name
          </th>
          <th>
            Notification Language
          </th>
          <th>
            Details
          </th>
          <th>
            Delete
          </th>
        </tr>
      </thead>
      <tbody
        style={
          Object {
            "borderTop": "none",
          }
        }
      />
    </table>
    <div
      className="mt-4 p-3"
      style={
        Object {
          "borderBottom": "1px solid #e5e5e5",
          "borderTop": "1px solid #e5e5e5",
        }
      }
    >
      <div
        className="d-flex justify-content-end row"
      >
        <a
          href="/add/"
          onClick={[Function]}
        >
          <button
            className="d-flex btn btn-danger"
            disabled={false}
            style={
              Object {
                "width": "auto",
              }
            }
            type="button"
          >
            Add New Contact
          </button>
        </a>
      </div>
    </div>
    <div
      className="mt-2"
    >
      <div
        className="d-flex"
      >
        <div
          style={
            Object {
              "border": "1px dotted grey",
              "height": 25,
              "marginRight": 10,
              "textAlign": "center",
              "width": 20,
            }
          }
        >
          P
        </div>
        <span
          style={
            Object {
              "fontWeight": "bold",
            }
          }
        >
          Note:
        </span>
      </div>
      <div
        className="d-flex align-items-end"
      >
        <span>
          Your use of Interac e-Transfer is subject to the 
        </span>
        <div
          className="row"
        >
          <div
            className="d-flex align-items-center mt-2 col-md-12"
          >
            <div
              style={
                Object {
                  "border": "1px dotted grey",
                  "height": 25,
                  "marginRight": 10,
                  "textAlign": "center",
                  "width": 20,
                }
              }
            >
              P
            </div>
            <span>
              Interac e-Transfer Terms and Conditions (PDF, 197KB).
            </span>
          </div>
        </div>
      </div>
    </div>
  </div>
</div>
`;
