// Jest Snapshot v1, https://goo.gl/fbAQLP

exports[`TransactionComplete Component matches the snapshot 1`] = `
<div
  className=""
>
  <div
    className="zippy-cash-container-wrap"
  >
    <div
      className="backdrop "
    />
    <div
      className="zippy-cash-container"
    >
      <div
        className="zippy-cash-container-header"
      >
        <h1
          className="title"
        >
          Your Wallet
        </h1>
        <h2
          className="catch"
        >
          Made Fun With Zippy!
        </h2>
      </div>
      <div
        className="zippy-cash-container-body"
      >
        <div
          className="title"
        >
          Fund Transfer
        </div>
        <div
          className="text-center"
        />
        <div
          className="details"
        />
        <div
          className="action"
        >
          <button
            className="zippy-btn btn btn-primary"
            disabled={false}
            onClick={[Function]}
            type="button"
          >
            View Transfer Detail
          </button>
        </div>
      </div>
    </div>
  </div>
</div>
`;
