// Jest Snapshot v1, https://goo.gl/fbAQLP

exports[`TransactionSecurityQuestions Component matches the snapshot 1`] = `
<div
  className=""
>
  <div
    className="zippy-cash-container-wrap"
  >
    <div
      className="backdrop"
    />
    <div
      className="zippy-cash-container"
    >
      <div
        className="zippy-cash-container-header"
      >
        <div
          className="title"
        >
          Personal Account
        </div>
        <div
          className="catch"
        >
          Made Fun With Zippy!
        </div>
      </div>
      <div
        className="zippy-cash-container-body"
      >
        <div
          className="title"
        >
          Security Question
        </div>
        <div
          className="security-question"
        >
          <input
            className="form-control"
            onChange={[Function]}
            placeholder="Create a security question (Up to 40 Char.)"
            value="security Question"
          />
          <input
            className="form-control"
            onChange={[Function]}
            placeholder="Security Answer (No Space)"
            type="text"
            value="security Answer"
          />
          <input
            className="form-control"
            onChange={[Function]}
            placeholder="Re-enter Security Answer"
            type="text"
            value=""
          />
        </div>
        <div
          className="action"
        >
          <button
            className="zippy-btn btn btn-primary"
            disabled={false}
            onClick={[Function]}
            type="button"
          >
            Zipp It
          </button>
        </div>
      </div>
    </div>
  </div>
</div>
`;
