// Jest Snapshot v1, https://goo.gl/fbAQLP

exports[`VerticalNavLinks Component matches the snapshot 1`] = `
<div
  className="vertical-nav-wrapper noselect"
>
  <div
    className="vertical-nav nav"
    onKeyDown={[Function]}
  >
    <a
      className="navbar-brand"
      href="/my-wallet"
      onClick={[Function]}
    >
      <img
        alt=""
        src="ZippyCash_Logo.svg"
      />
    </a>
    <a
      className="nav-link nav-link"
      data-rr-ui-event-key={null}
      disabled={false}
      href="/my-account"
      id="my-account-link"
      onClick={[Function]}
    >
      <i
        className="zippy-cash-icon zc-home"
      />
      My Account
      <i
        className="dropdown zippy-cash-icon zc-up"
      />
    </a>
    <a
      className="nav-link nav-link"
      data-rr-ui-event-key={null}
      disabled={false}
      href="/my-wallet"
      onClick={[Function]}
    >
      <i
        className="zippy-cash-icon zc-interac-etransfer"
      />
      My Wallet
      <i
        className="dropdown zippy-cash-icon zc-up"
      />
    </a>
    <a
      className="nav-link nav-link"
      data-rr-ui-event-key={null}
      disabled={false}
      href="/bill-payments"
      onClick={[Function]}
    >
      <i
        className="zippy-cash-icon zc-bill-payments"
      />
      Bill Payments
      <i
        className="dropdown zippy-cash-icon zc-up"
      />
    </a>
    <a
      className="nav-link nav-link"
      data-rr-ui-event-key={null}
      disabled={false}
      href="/account-security"
      onClick={[Function]}
    >
      <i
        className="zippy-cash-icon zc-account-security"
      />
      Account Security
    </a>
    <hr />
    <a
      className="nav-link nav-link"
      data-rr-ui-event-key={null}
      disabled={false}
      href="/customer-services"
      onClick={[Function]}
    >
      <i
        className="zippy-cash-icon zc-customer-services"
      />
      Customer Services
    </a>
    <a
      className="nav-link nav-link"
      data-rr-ui-event-key={null}
      disabled={false}
      href="/manage-my-alerts"
      onClick={[Function]}
    >
      <i
        className="zippy-cash-icon zc-manage-my-alerts"
      />
      Manage My Alerts
    </a>
    <a
      className="nav-link nav-link"
      data-rr-ui-event-key={null}
      disabled={false}
      href="/contact-us"
      onClick={[Function]}
    >
      <i
        className="zippy-cash-icon zc-contact-us"
      />
      Contact Us
    </a>
    <div
      className="copyright"
    >
      Â© 2021 Zippy Cash LLC
    </div>
  </div>
</div>
`;
