// Jest Snapshot v1, https://goo.gl/fbAQLP

exports[`TransactionDetails Component matches the snapshot 1`] = `
<div
  className=""
>
  <div
    className="zippy-cash-container-wrap"
  >
    <div
      className="backdrop backdrop-image-2"
    />
    <div
      className="zippy-cash-container"
    >
      <div
        className="zippy-cash-container-header"
      >
        <i
          aria-label="close"
          className="zippy-cash-icon zc-cross"
          onClick={[Function]}
          onKeyUp={[Function]}
          role="button"
          tabIndex={0}
        />
        <h1
          className="title"
        >
          Your Wallet
        </h1>
        <h2
          className="catch"
        >
          Made Fun With Zippy!
        </h2>
      </div>
      <div
        className="zippy-cash-container-body"
      >
        <div
          className="body"
        >
          <div
            className="title zc-status-undefined"
          >
            Transaction Pending
          </div>
          <div
            className="details"
          >
            <div
              className="row"
            >
              <div
                className="col-6"
              >
                To
              </div>
              <div
                className="col-6"
              >
                <strong>
                  
                </strong>
              </div>
            </div>
            <div
              className="row"
            >
              <div
                className="col-6"
              >
                Transfer Date
              </div>
              <div
                className="col-6"
              >
                
              </div>
            </div>
            <div
              className="row"
            >
              <div
                className="col-6"
              >
                Transfer Time (UTC)
              </div>
              <div
                className="col-6"
              >
                
              </div>
            </div>
            <div
              className="row"
            >
              <div
                className="col-6"
              >
                Transfer Amount
              </div>
              <div
                className="col-6"
              >
                <span
                  className="amount"
                >
                  $ 0.00 CAD
                </span>
              </div>
            </div>
            <div
              className="row"
            >
              <div
                className="col-6"
              >
                Reference Number (Keep For Your Records)
              </div>
              <div
                className="col-6"
              />
            </div>
          </div>
        </div>
        <div
          className="action"
        >
          <button
            className="zippy-btn btn btn-primary"
            disabled={false}
            type="button"
          >
            Send Another Transfer
          </button>
        </div>
      </div>
    </div>
  </div>
</div>
`;
