// Jest Snapshot v1, https://goo.gl/fbAQLP

exports[`TransactionStatus Component matches the snapshot 1`] = `
<div
  className="status-list"
>
  <div
    className="zippy-cash-container-wrap"
  >
    <div
      className="backdrop backdrop-image-3"
    />
    <div
      className="zippy-cash-container"
    >
      <div
        className="zippy-cash-container-header"
      >
        <i
          aria-label="close"
          className="zippy-cash-icon zc-cross"
          onClick={[Function]}
          onKeyUp={[Function]}
          role="button"
          tabIndex={0}
        />
        <h1
          className="title"
        >
          Transactions History
        </h1>
        <h2
          className="catch"
        >
          Made Fun With Zippy!
        </h2>
      </div>
      <div
        className="zippy-cash-container-body"
      >
        <div
          className="details"
        />
      </div>
    </div>
  </div>
</div>
`;
