// Jest Snapshot v1, https://goo.gl/fbAQLP

exports[`Header Component matches the snapshot 1`] = `
<nav
  className="header-layout navbar navbar-expand-lg navbar-light false"
>
  <div
    className="left-side-header"
  />
  <div
    className="content"
  />
  <div
    className="right-side-header"
  >
    <button
      aria-controls="navbarSupportedContent"
      aria-expanded="false"
      aria-label="Toggle navigation"
      className="navbar-toggler"
      data-bs-target="#navbarSupportedContent"
      data-bs-toggle="collapse"
      type="button"
    >
      <span
        className="navbar-toggler-icon"
      />
    </button>
    <div
      className="collapse navbar-collapse flex-md-column nav-uppercase"
      id="navbarSupportedContent"
    >
      <div
        className="navbar-nav"
      >
        <div
          className="nav-node-wrap wallet-balance"
        >
          <div
            className="nav-node"
          >
            <i
              className="zippy-cash-icon zc-wallet"
            />
            <span
              className="amount"
            >
              $1,018.35
            </span>
          </div>
        </div>
        <div
          className="nav-node-wrap"
        >
          <div
            className="nav-node"
          >
            <div
              className="nav-item dropdown"
            >
              <a
                aria-expanded={false}
                className="dropdown-toggle nav-link"
                onClick={[Function]}
                onKeyDown={[Function]}
                role="button"
                tabIndex={0}
              >
                header.language
              </a>
            </div>
          </div>
        </div>
      </div>
    </div>
  </div>
</nav>
`;
